// Jest Snapshot v1, https://goo.gl/fbAQLP

exports[`interpolate calculates appropriate intermediate values 1`] = `
Array [
  2.1198,
  2.9342,
  3.052,
  1.5960000000000005,
  0.27619999999999917,
  -8.6822,
]
`;
